"vid","final"
"SELTCAWRS_t1_v1",5.6
"SELTCAWRS_t1_v2",5.8
"SELTCAWRS_t1_v3",6
"SELTCAWRS_t1_v4",5.8
"SELTCAWRS_t1_v5",5.6
"SELTCAWRS_t1_v6",6.4
"SELTCAWRS_t1_v7",6
"SELTCAWRS_t1_v8",6.2
"SELTCAWRS_t10_v3",6.6
"SELTCAWRS_t10_v4",6.6
"SELTCAWRS_t10_v5",6.6
"SELTCAWRS_t10_v6",7
"SELTCAWRS_t10_v8",6.8
"SELTCAWRS_t100_v1",6
"SELTCAWRS_t100_v2",6.2
"SELTCAWRS_t100_v3",6
"SELTCAWRS_t100_v4",6.4
"SELTCAWRS_t100_v5",6.4
"SELTCAWRS_t100_v6",6.6
"SELTCAWRS_t100_v7",6.2
"SELTCAWRS_t100_v8",6.2
"SELTCAWRS_t101_v1",4.2
"SELTCAWRS_t101_v2",3.8
"SELTCAWRS_t101_v3",4.4
"SELTCAWRS_t101_v4",4
"SELTCAWRS_t101_v5",4.2
"SELTCAWRS_t101_v6",3.6
"SELTCAWRS_t101_v7",4
"SELTCAWRS_t101_v8",5.25
"SELTCAWRS_t102_v1",4.8
"SELTCAWRS_t102_v2",5
"SELTCAWRS_t102_v3",4.4
"SELTCAWRS_t102_v4",5
"SELTCAWRS_t102_v5",4.4
"SELTCAWRS_t102_v6",4.6
"SELTCAWRS_t102_v7",4.6
"SELTCAWRS_t102_v8",5
"SELTCAWRS_t104_v1",5.4
"SELTCAWRS_t104_v2",6
"SELTCAWRS_t104_v3",5.8
"SELTCAWRS_t104_v4",5.8
"SELTCAWRS_t104_v5",5.6
"SELTCAWRS_t104_v6",5
"SELTCAWRS_t104_v7",5.8
"SELTCAWRS_t104_v8",6
"SELTCAWRS_t105_v1",5.6
"SELTCAWRS_t105_v2",5.2
"SELTCAWRS_t105_v3",5.2
"SELTCAWRS_t105_v4",5.6
"SELTCAWRS_t105_v5",5.25
"SELTCAWRS_t105_v6",6
"SELTCAWRS_t105_v7",5.8
"SELTCAWRS_t105_v8",6
"SELTCAWRS_t106_v1",5
"SELTCAWRS_t106_v2",5.8
"SELTCAWRS_t106_v3",5.8
"SELTCAWRS_t106_v4",5.4
"SELTCAWRS_t106_v5",5.2
"SELTCAWRS_t106_v6",6
"SELTCAWRS_t106_v7",6
"SELTCAWRS_t106_v8",6.4
"SELTCAWRS_t107_v1",5
"SELTCAWRS_t107_v7",5.8
"SELTCAWRS_t108_v1",4.8
"SELTCAWRS_t108_v2",5.2
"SELTCAWRS_t108_v3",4
"SELTCAWRS_t108_v4",5.6
"SELTCAWRS_t108_v5",4.8
"SELTCAWRS_t108_v6",5
"SELTCAWRS_t108_v7",5.6
"SELTCAWRS_t108_v8",5.2
"SELTCAWRS_t109_v1",4.8
"SELTCAWRS_t109_v2",4.8
"SELTCAWRS_t109_v3",6
"SELTCAWRS_t109_v4",5.6
"SELTCAWRS_t109_v5",5.4
"SELTCAWRS_t109_v6",5
"SELTCAWRS_t109_v7",6.4
"SELTCAWRS_t109_v8",6.4
"SELTCAWRS_t11_v1",4.8
"SELTCAWRS_t11_v2",5
"SELTCAWRS_t11_v3",5.6
"SELTCAWRS_t11_v4",6
"SELTCAWRS_t11_v5",3.8
"SELTCAWRS_t11_v6",3.4
"SELTCAWRS_t11_v7",5.2
"SELTCAWRS_t11_v8",5.4
"SELTCAWRS_t110_v1",6.2
"SELTCAWRS_t110_v2",6.2
"SELTCAWRS_t110_v3",6.2
"SELTCAWRS_t110_v4",6.2
"SELTCAWRS_t110_v5",6
"SELTCAWRS_t110_v6",6.4
"SELTCAWRS_t110_v7",6
"SELTCAWRS_t110_v8",6.4
"SELTCAWRS_t111_v1",4.2
"SELTCAWRS_t111_v2",6.2
"SELTCAWRS_t111_v3",6.2
"SELTCAWRS_t111_v4",6.2
"SELTCAWRS_t111_v5",5.8
"SELTCAWRS_t111_v6",5.8
"SELTCAWRS_t111_v7",6
"SELTCAWRS_t111_v8",6.25
"SELTCAWRS_t113_v1",1.4
"SELTCAWRS_t113_v2",2
"SELTCAWRS_t113_v3",1.6
"SELTCAWRS_t113_v4",1.8
"SELTCAWRS_t113_v7",3
"SELTCAWRS_t113_v8",2
"SELTCAWRS_t114_v1",4.75
"SELTCAWRS_t114_v2",5.6
"SELTCAWRS_t114_v3",4.6
"SELTCAWRS_t114_v4",4.6
"SELTCAWRS_t114_v5",5.6
"SELTCAWRS_t114_v6",5.4
"SELTCAWRS_t114_v7",5
"SELTCAWRS_t114_v8",4.8
"SELTCAWRS_t115_v1",4.6
"SELTCAWRS_t115_v2",6
"SELTCAWRS_t115_v3",6
"SELTCAWRS_t115_v4",5.6
"SELTCAWRS_t115_v5",5.8
"SELTCAWRS_t115_v6",5.8
"SELTCAWRS_t115_v7",5.6
"SELTCAWRS_t115_v8",5.8
"SELTCAWRS_t116_v1",6
"SELTCAWRS_t116_v2",6.8
"SELTCAWRS_t116_v3",6.6
"SELTCAWRS_t116_v4",6.6
"SELTCAWRS_t116_v5",6.8
"SELTCAWRS_t116_v6",6.8
"SELTCAWRS_t116_v7",6.8
"SELTCAWRS_t116_v8",5.8
"SELTCAWRS_t117_v1",5.2
"SELTCAWRS_t117_v2",5.5
"SELTCAWRS_t117_v3",5.6
"SELTCAWRS_t117_v4",5.8
"SELTCAWRS_t117_v5",5.6
"SELTCAWRS_t117_v6",6
"SELTCAWRS_t117_v7",6
"SELTCAWRS_t117_v8",6.2
"SELTCAWRS_t119_v1",5.2
"SELTCAWRS_t119_v2",6
"SELTCAWRS_t119_v3",6.4
"SELTCAWRS_t119_v4",6.6
"SELTCAWRS_t119_v5",6.6
"SELTCAWRS_t119_v6",6.2
"SELTCAWRS_t119_v7",6.4
"SELTCAWRS_t119_v8",6.6
"SELTCAWRS_t12_v1",6.4
"SELTCAWRS_t12_v2",4.8
"SELTCAWRS_t12_v3",5.2
"SELTCAWRS_t12_v4",5.2
"SELTCAWRS_t12_v5",6
"SELTCAWRS_t12_v6",6.6
"SELTCAWRS_t12_v7",5.8
"SELTCAWRS_t12_v8",6
"SELTCAWRS_t120_v1",5.2
"SELTCAWRS_t120_v2",4.75
"SELTCAWRS_t120_v3",5.8
"SELTCAWRS_t120_v4",5.8
"SELTCAWRS_t120_v5",4.6
"SELTCAWRS_t120_v6",5.2
"SELTCAWRS_t120_v7",5.8
"SELTCAWRS_t120_v8",5.6
"SELTCAWRS_t121_v1",5.6
"SELTCAWRS_t121_v2",5
"SELTCAWRS_t121_v3",6
"SELTCAWRS_t121_v4",5
"SELTCAWRS_t121_v5",6
"SELTCAWRS_t121_v6",5.4
"SELTCAWRS_t121_v7",5.2
"SELTCAWRS_t121_v8",5.8
"SELTCAWRS_t122_v1",4
"SELTCAWRS_t122_v2",5
"SELTCAWRS_t122_v3",3.6
"SELTCAWRS_t122_v4",4.2
"SELTCAWRS_t122_v5",5.6
"SELTCAWRS_t122_v6",4.2
"SELTCAWRS_t122_v7",5.6
"SELTCAWRS_t122_v8",5.2
"SELTCAWRS_t123_v1",5.2
"SELTCAWRS_t123_v2",5.8
"SELTCAWRS_t123_v3",6
"SELTCAWRS_t123_v4",6.2
"SELTCAWRS_t123_v5",6.2
"SELTCAWRS_t123_v6",6.4
"SELTCAWRS_t123_v7",6.6
"SELTCAWRS_t123_v8",6.4
"SELTCAWRS_t124_v1",4.6
"SELTCAWRS_t124_v2",5.25
"SELTCAWRS_t124_v3",5.8
"SELTCAWRS_t124_v4",5.2
"SELTCAWRS_t124_v5",5
"SELTCAWRS_t124_v6",5.4
"SELTCAWRS_t124_v7",5.6
"SELTCAWRS_t124_v8",5.8
"SELTCAWRS_t125_v1",5.6
"SELTCAWRS_t125_v2",6
"SELTCAWRS_t125_v3",6.2
"SELTCAWRS_t125_v4",6
"SELTCAWRS_t125_v5",5.8
"SELTCAWRS_t125_v6",6
"SELTCAWRS_t125_v7",5.8
"SELTCAWRS_t125_v8",6
"SELTCAWRS_t126_v1",4.2
"SELTCAWRS_t126_v3",5.6
"SELTCAWRS_t126_v4",6.25
"SELTCAWRS_t126_v5",5.5
"SELTCAWRS_t126_v6",5.8
"SELTCAWRS_t126_v7",5.4
"SELTCAWRS_t126_v8",6
"SELTCAWRS_t127_v1",4.2
"SELTCAWRS_t127_v2",5
"SELTCAWRS_t127_v3",4.8
"SELTCAWRS_t127_v5",5.2
"SELTCAWRS_t127_v8",4.8
"SELTCAWRS_t129_v1",3.8
"SELTCAWRS_t129_v2",4
"SELTCAWRS_t129_v3",4.2
"SELTCAWRS_t129_v4",2.8
"SELTCAWRS_t129_v6",3
"SELTCAWRS_t129_v7",3.5
"SELTCAWRS_t129_v8",4.75
"SELTCAWRS_t13_v1",3.6
"SELTCAWRS_t13_v2",4.6
"SELTCAWRS_t13_v3",5
"SELTCAWRS_t13_v4",5.2
"SELTCAWRS_t13_v5",5.4
"SELTCAWRS_t13_v6",3.6
"SELTCAWRS_t13_v7",5.4
"SELTCAWRS_t13_v8",5.4
"SELTCAWRS_t130_v2",5.8
"SELTCAWRS_t130_v3",5.2
"SELTCAWRS_t130_v4",6
"SELTCAWRS_t130_v5",5.6
"SELTCAWRS_t130_v6",6.2
"SELTCAWRS_t130_v7",6
"SELTCAWRS_t130_v8",6
"SELTCAWRS_t131_v1",4.4
"SELTCAWRS_t131_v2",5
"SELTCAWRS_t131_v3",5.4
"SELTCAWRS_t131_v4",4.8
"SELTCAWRS_t131_v5",5.6
"SELTCAWRS_t131_v6",6
"SELTCAWRS_t131_v7",5.4
"SELTCAWRS_t131_v8",6
"SELTCAWRS_t132_v1",6
"SELTCAWRS_t132_v2",6
"SELTCAWRS_t132_v3",6.6
"SELTCAWRS_t132_v4",6
"SELTCAWRS_t132_v5",5.8
"SELTCAWRS_t132_v6",6.4
"SELTCAWRS_t132_v7",6.4
"SELTCAWRS_t132_v8",6
"SELTCAWRS_t133_v1",5.2
"SELTCAWRS_t133_v2",5.4
"SELTCAWRS_t133_v3",6
"SELTCAWRS_t133_v4",5.8
"SELTCAWRS_t133_v5",5.6
"SELTCAWRS_t133_v6",5.6
"SELTCAWRS_t133_v7",6.2
"SELTCAWRS_t133_v8",6.4
"SELTCAWRS_t134_v1",5
"SELTCAWRS_t134_v2",6.4
"SELTCAWRS_t134_v3",5.6
"SELTCAWRS_t134_v4",5.4
"SELTCAWRS_t134_v5",5
"SELTCAWRS_t134_v6",5.5
"SELTCAWRS_t134_v7",5.8
"SELTCAWRS_t134_v8",5.6
"SELTCAWRS_t135_v1",6
"SELTCAWRS_t135_v2",6
"SELTCAWRS_t135_v3",5.8
"SELTCAWRS_t135_v4",5.6
"SELTCAWRS_t135_v5",6
"SELTCAWRS_t135_v6",6
"SELTCAWRS_t135_v7",6.2
"SELTCAWRS_t135_v8",6
"SELTCAWRS_t136_v1",5.4
"SELTCAWRS_t136_v2",5.8
"SELTCAWRS_t136_v3",5.8
"SELTCAWRS_t136_v4",5.6
"SELTCAWRS_t136_v5",6
"SELTCAWRS_t136_v6",6
"SELTCAWRS_t136_v7",6
"SELTCAWRS_t136_v8",6.2
"SELTCAWRS_t137_v1",6
"SELTCAWRS_t137_v2",5.6
"SELTCAWRS_t137_v3",6
"SELTCAWRS_t137_v4",6
"SELTCAWRS_t137_v5",5.8
"SELTCAWRS_t137_v6",6.2
"SELTCAWRS_t137_v7",6.2
"SELTCAWRS_t137_v8",6.2
"SELTCAWRS_t139_v1",5.8
"SELTCAWRS_t139_v2",5.8
"SELTCAWRS_t139_v3",6
"SELTCAWRS_t139_v4",6
"SELTCAWRS_t139_v5",6.2
"SELTCAWRS_t139_v6",6.2
"SELTCAWRS_t139_v7",6
"SELTCAWRS_t139_v8",6.6
"SELTCAWRS_t14_v1",5
"SELTCAWRS_t14_v2",6
"SELTCAWRS_t14_v3",5
"SELTCAWRS_t14_v4",6
"SELTCAWRS_t14_v5",5.4
"SELTCAWRS_t14_v7",5.8
"SELTCAWRS_t14_v8",5.4
"SELTCAWRS_t140_v1",5.4
"SELTCAWRS_t140_v2",5.6
"SELTCAWRS_t140_v3",5.8
"SELTCAWRS_t140_v4",5.8
"SELTCAWRS_t140_v5",5.6
"SELTCAWRS_t140_v6",5.8
"SELTCAWRS_t140_v7",5.8
"SELTCAWRS_t140_v8",5.8
"SELTCAWRS_t141_v1",3
"SELTCAWRS_t141_v2",3
"SELTCAWRS_t141_v3",2.5
"SELTCAWRS_t141_v4",2.5
"SELTCAWRS_t141_v5",2.5
"SELTCAWRS_t141_v6",2.5
"SELTCAWRS_t141_v7",2
"SELTCAWRS_t141_v8",2.5
"SELTCAWRS_t144_v1",5
"SELTCAWRS_t144_v2",5.6
"SELTCAWRS_t144_v3",5.4
"SELTCAWRS_t144_v4",4.2
"SELTCAWRS_t144_v5",4.4
"SELTCAWRS_t144_v6",4.6
"SELTCAWRS_t144_v7",5.4
"SELTCAWRS_t144_v8",5.6
"SELTCAWRS_t145_v1",5.8
"SELTCAWRS_t145_v2",5.8
"SELTCAWRS_t145_v3",6.4
"SELTCAWRS_t145_v4",6
"SELTCAWRS_t145_v5",6
"SELTCAWRS_t145_v6",6.2
"SELTCAWRS_t145_v7",6.2
"SELTCAWRS_t145_v8",6
"SELTCAWRS_t146_v1",5.4
"SELTCAWRS_t146_v2",6
"SELTCAWRS_t146_v3",6.2
"SELTCAWRS_t146_v4",6.2
"SELTCAWRS_t146_v5",6
"SELTCAWRS_t146_v6",4.6
"SELTCAWRS_t146_v7",5.8
"SELTCAWRS_t146_v8",5.8
"SELTCAWRS_t147_v1",5.6
"SELTCAWRS_t147_v2",5.4
"SELTCAWRS_t147_v3",6
"SELTCAWRS_t147_v4",5.6
"SELTCAWRS_t147_v5",5.4
"SELTCAWRS_t147_v6",4.2
"SELTCAWRS_t147_v8",5.2
"SELTCAWRS_t148_v3",5.8
"SELTCAWRS_t148_v5",4.8
"SELTCAWRS_t148_v6",5.2
"SELTCAWRS_t148_v7",6
"SELTCAWRS_t15_v1",6.2
"SELTCAWRS_t15_v2",6.2
"SELTCAWRS_t15_v3",6
"SELTCAWRS_t15_v4",6.4
"SELTCAWRS_t15_v5",6.4
"SELTCAWRS_t15_v6",6.4
"SELTCAWRS_t15_v7",6.8
"SELTCAWRS_t15_v8",7
"SELTCAWRS_t150_v1",5.5
"SELTCAWRS_t150_v2",6.2
"SELTCAWRS_t150_v3",6
"SELTCAWRS_t150_v4",6
"SELTCAWRS_t150_v5",5.6
"SELTCAWRS_t150_v6",5.6
"SELTCAWRS_t150_v7",6
"SELTCAWRS_t150_v8",6
"SELTCAWRS_t152_v1",5
"SELTCAWRS_t152_v2",5.2
"SELTCAWRS_t152_v3",4.6
"SELTCAWRS_t152_v4",5
"SELTCAWRS_t152_v5",3.4
"SELTCAWRS_t152_v6",2.4
"SELTCAWRS_t152_v7",3.6
"SELTCAWRS_t152_v8",4
"SELTCAWRS_t153_v1",5.4
"SELTCAWRS_t153_v2",5.2
"SELTCAWRS_t153_v3",5.8
"SELTCAWRS_t153_v4",5.6
"SELTCAWRS_t153_v6",5.8
"SELTCAWRS_t153_v7",6.2
"SELTCAWRS_t153_v8",5.8
"SELTCAWRS_t154_v1",5.8
"SELTCAWRS_t154_v2",5.8
"SELTCAWRS_t154_v3",5.8
"SELTCAWRS_t154_v4",5.6
"SELTCAWRS_t154_v5",5.4
"SELTCAWRS_t154_v6",5.2
"SELTCAWRS_t154_v7",6
"SELTCAWRS_t154_v8",5.8
"SELTCAWRS_t155_v1",5.2
"SELTCAWRS_t155_v2",5.2
"SELTCAWRS_t155_v3",4.8
"SELTCAWRS_t155_v4",4.2
"SELTCAWRS_t155_v5",5.6
"SELTCAWRS_t155_v6",5.2
"SELTCAWRS_t155_v7",5
"SELTCAWRS_t155_v8",5.4
"SELTCAWRS_t156_v2",5.2
"SELTCAWRS_t156_v3",4
"SELTCAWRS_t156_v4",5
"SELTCAWRS_t156_v5",4.6
"SELTCAWRS_t156_v6",4.6
"SELTCAWRS_t156_v7",5
"SELTCAWRS_t156_v8",4.4
"SELTCAWRS_t158_v1",4.6
"SELTCAWRS_t158_v2",5.6
"SELTCAWRS_t158_v3",5.6
"SELTCAWRS_t158_v4",6.2
"SELTCAWRS_t158_v5",5.8
"SELTCAWRS_t158_v6",6
"SELTCAWRS_t158_v7",4
"SELTCAWRS_t158_v8",5.8
"SELTCAWRS_t159_v1",4.4
"SELTCAWRS_t159_v2",5.8
"SELTCAWRS_t159_v3",6.2
"SELTCAWRS_t159_v4",5.6
"SELTCAWRS_t159_v5",5.75
"SELTCAWRS_t159_v6",5.4
"SELTCAWRS_t159_v7",6
"SELTCAWRS_t159_v8",5.8
"SELTCAWRS_t160_v1",3.4
"SELTCAWRS_t160_v2",5.4
"SELTCAWRS_t160_v3",5.2
"SELTCAWRS_t160_v4",5.8
"SELTCAWRS_t160_v5",6
"SELTCAWRS_t160_v6",4.6
"SELTCAWRS_t160_v7",6
"SELTCAWRS_t160_v8",5.4
"SELTCAWRS_t161_v1",4.8
"SELTCAWRS_t161_v2",3.8
"SELTCAWRS_t161_v3",5.2
"SELTCAWRS_t161_v4",5.6
"SELTCAWRS_t161_v5",5.8
"SELTCAWRS_t161_v6",5.4
"SELTCAWRS_t161_v7",5.8
"SELTCAWRS_t161_v8",6
"SELTCAWRS_t162_v1",5.6
"SELTCAWRS_t162_v2",6.2
"SELTCAWRS_t162_v3",5.8
"SELTCAWRS_t162_v4",6.6
"SELTCAWRS_t162_v5",5.8
"SELTCAWRS_t162_v6",6.2
"SELTCAWRS_t162_v7",6.4
"SELTCAWRS_t162_v8",6.6
"SELTCAWRS_t164_v1",5.6
"SELTCAWRS_t164_v2",5.8
"SELTCAWRS_t164_v3",6.2
"SELTCAWRS_t164_v4",6.4
"SELTCAWRS_t164_v5",6
"SELTCAWRS_t164_v6",6.2
"SELTCAWRS_t164_v7",6.4
"SELTCAWRS_t164_v8",6.6
"SELTCAWRS_t165_v1",5.6
"SELTCAWRS_t165_v2",5.8
"SELTCAWRS_t165_v3",6
"SELTCAWRS_t165_v4",5.8
"SELTCAWRS_t165_v5",5.8
"SELTCAWRS_t165_v6",4.8
"SELTCAWRS_t165_v7",5.6
"SELTCAWRS_t165_v8",5.4
"SELTCAWRS_t166_v1",6
"SELTCAWRS_t166_v2",6.2
"SELTCAWRS_t166_v3",5.8
"SELTCAWRS_t166_v4",6.6
"SELTCAWRS_t166_v5",6.2
"SELTCAWRS_t166_v6",4.8
"SELTCAWRS_t166_v7",6.4
"SELTCAWRS_t166_v8",6.2
"SELTCAWRS_t167_v1",5
"SELTCAWRS_t167_v2",5.6
"SELTCAWRS_t167_v3",5.2
"SELTCAWRS_t167_v4",5.4
"SELTCAWRS_t167_v5",5.4
"SELTCAWRS_t167_v6",4.8
"SELTCAWRS_t167_v7",5.8
"SELTCAWRS_t167_v8",4.6
"SELTCAWRS_t168_v1",3.4
"SELTCAWRS_t168_v2",4
"SELTCAWRS_t168_v3",4.2
"SELTCAWRS_t168_v4",5.2
"SELTCAWRS_t168_v5",4.6
"SELTCAWRS_t168_v6",4.8
"SELTCAWRS_t168_v7",5
"SELTCAWRS_t168_v8",5
"SELTCAWRS_t17_v2",6.6
"SELTCAWRS_t17_v3",6.8
"SELTCAWRS_t17_v4",6.6
"SELTCAWRS_t17_v5",6.2
"SELTCAWRS_t17_v6",6.8
"SELTCAWRS_t17_v7",6.6
"SELTCAWRS_t17_v8",6.8
"SELTCAWRS_t170_v1",5.2
"SELTCAWRS_t170_v4",6
"SELTCAWRS_t170_v6",5.4
"SELTCAWRS_t170_v7",6.4
"SELTCAWRS_t173_v2",4.2
"SELTCAWRS_t173_v7",4.6
"SELTCAWRS_t174_v1",3.2
"SELTCAWRS_t174_v2",4
"SELTCAWRS_t174_v3",3.6
"SELTCAWRS_t174_v4",4.6
"SELTCAWRS_t174_v5",4.2
"SELTCAWRS_t174_v6",4.2
"SELTCAWRS_t174_v7",3.8
"SELTCAWRS_t174_v8",4
"SELTCAWRS_t175_v1",5.2
"SELTCAWRS_t175_v2",5.8
"SELTCAWRS_t175_v3",6.2
"SELTCAWRS_t175_v4",6
"SELTCAWRS_t175_v5",6.2
"SELTCAWRS_t175_v6",6.6
"SELTCAWRS_t175_v7",6.4
"SELTCAWRS_t175_v8",6.5
"SELTCAWRS_t176_v1",6
"SELTCAWRS_t176_v2",6.4
"SELTCAWRS_t176_v3",6.4
"SELTCAWRS_t176_v4",6.6
"SELTCAWRS_t176_v5",6.2
"SELTCAWRS_t176_v6",5.8
"SELTCAWRS_t176_v7",6.6
"SELTCAWRS_t176_v8",6.8
"SELTCAWRS_t177_v1",5.4
"SELTCAWRS_t177_v2",6
"SELTCAWRS_t177_v3",6.4
"SELTCAWRS_t177_v4",5.8
"SELTCAWRS_t177_v5",5.8
"SELTCAWRS_t177_v6",6
"SELTCAWRS_t177_v7",6.4
"SELTCAWRS_t177_v8",6.2
"SELTCAWRS_t178_v1",5.6
"SELTCAWRS_t178_v2",5.8
"SELTCAWRS_t178_v3",6
"SELTCAWRS_t178_v4",6
"SELTCAWRS_t178_v5",6
"SELTCAWRS_t178_v6",5.8
"SELTCAWRS_t178_v7",6.4
"SELTCAWRS_t178_v8",5.8
"SELTCAWRS_t179_v1",6
"SELTCAWRS_t179_v2",5
"SELTCAWRS_t179_v3",5.75
"SELTCAWRS_t179_v4",6
"SELTCAWRS_t179_v5",5.5
"SELTCAWRS_t179_v6",5.5
"SELTCAWRS_t179_v7",5.75
"SELTCAWRS_t179_v8",5
"SELTCAWRS_t181_v1",5
"SELTCAWRS_t181_v2",4.75
"SELTCAWRS_t181_v3",4.5
"SELTCAWRS_t181_v4",5.25
"SELTCAWRS_t181_v5",5
"SELTCAWRS_t181_v6",5.5
"SELTCAWRS_t181_v7",5
"SELTCAWRS_t181_v8",4.75
"SELTCAWRS_t183_v1",5.5
"SELTCAWRS_t183_v2",5.5
"SELTCAWRS_t183_v3",5.75
"SELTCAWRS_t183_v4",6
"SELTCAWRS_t183_v5",5.25
"SELTCAWRS_t183_v6",6
"SELTCAWRS_t183_v7",6
"SELTCAWRS_t183_v8",6.25
"SELTCAWRS_t184_v1",7
"SELTCAWRS_t184_v2",6.6
"SELTCAWRS_t184_v3",6.2
"SELTCAWRS_t184_v4",6.4
"SELTCAWRS_t184_v5",6.8
"SELTCAWRS_t184_v6",6.6
"SELTCAWRS_t184_v7",6.8
"SELTCAWRS_t184_v8",7
"SELTCAWRS_t186_v1",5.75
"SELTCAWRS_t186_v2",6
"SELTCAWRS_t186_v3",6
"SELTCAWRS_t186_v4",6.4
"SELTCAWRS_t186_v5",6.4
"SELTCAWRS_t186_v6",6.4
"SELTCAWRS_t186_v7",6.4
"SELTCAWRS_t186_v8",6.6
"SELTCAWRS_t187_v1",5.25
"SELTCAWRS_t187_v2",4.6
"SELTCAWRS_t187_v3",5.2
"SELTCAWRS_t187_v4",5.4
"SELTCAWRS_t187_v5",5.4
"SELTCAWRS_t187_v6",5.2
"SELTCAWRS_t187_v7",5.8
"SELTCAWRS_t187_v8",5.6
"SELTCAWRS_t188_v1",5.5
"SELTCAWRS_t188_v2",6.2
"SELTCAWRS_t188_v3",6
"SELTCAWRS_t188_v4",6
"SELTCAWRS_t188_v5",5.8
"SELTCAWRS_t188_v6",6.2
"SELTCAWRS_t188_v7",6.2
"SELTCAWRS_t188_v8",6.2
"SELTCAWRS_t189_v1",5.5
"SELTCAWRS_t189_v2",5.4
"SELTCAWRS_t189_v3",5.6
"SELTCAWRS_t189_v4",5.6
"SELTCAWRS_t189_v5",5
"SELTCAWRS_t189_v6",4.4
"SELTCAWRS_t189_v7",5
"SELTCAWRS_t189_v8",5.4
"SELTCAWRS_t19_v1",5.2
"SELTCAWRS_t19_v2",4.6
"SELTCAWRS_t19_v3",4.6
"SELTCAWRS_t19_v4",4.4
"SELTCAWRS_t19_v5",4.6
"SELTCAWRS_t19_v6",5.2
"SELTCAWRS_t19_v7",4
"SELTCAWRS_t19_v8",4.4
"SELTCAWRS_t190_v1",5.5
"SELTCAWRS_t190_v2",5.8
"SELTCAWRS_t190_v3",6.4
"SELTCAWRS_t190_v4",6.25
"SELTCAWRS_t190_v5",6
"SELTCAWRS_t190_v6",6.4
"SELTCAWRS_t190_v7",6.2
"SELTCAWRS_t190_v8",6.4
"SELTCAWRS_t191_v3",4
"SELTCAWRS_t191_v4",3
"SELTCAWRS_t191_v5",3.2
"SELTCAWRS_t191_v6",3.4
"SELTCAWRS_t191_v7",3.4
"SELTCAWRS_t191_v8",3.6
"SELTCAWRS_t193_v1",5.5
"SELTCAWRS_t193_v2",5.4
"SELTCAWRS_t193_v3",6
"SELTCAWRS_t193_v4",6
"SELTCAWRS_t193_v5",5.8
"SELTCAWRS_t193_v6",6
"SELTCAWRS_t193_v7",6.2
"SELTCAWRS_t193_v8",6
"SELTCAWRS_t194_v1",5.5
"SELTCAWRS_t194_v2",5.6
"SELTCAWRS_t194_v3",5.6
"SELTCAWRS_t194_v4",5.8
"SELTCAWRS_t194_v5",5.6
"SELTCAWRS_t194_v6",5.4
"SELTCAWRS_t194_v7",5.8
"SELTCAWRS_t194_v8",5.8
"SELTCAWRS_t195_v2",5.2
"SELTCAWRS_t195_v3",5
"SELTCAWRS_t195_v4",5.4
"SELTCAWRS_t195_v5",5
"SELTCAWRS_t195_v6",4.4
"SELTCAWRS_t195_v7",5.8
"SELTCAWRS_t195_v8",4.4
"SELTCAWRS_t196_v1",4
"SELTCAWRS_t196_v2",4.8
"SELTCAWRS_t196_v3",5.2
"SELTCAWRS_t196_v4",5.2
"SELTCAWRS_t196_v5",5.4
"SELTCAWRS_t196_v6",5.2
"SELTCAWRS_t196_v7",5
"SELTCAWRS_t196_v8",5.8
"SELTCAWRS_t198_v1",5.8
"SELTCAWRS_t198_v2",6.2
"SELTCAWRS_t198_v3",5.6
"SELTCAWRS_t198_v4",6.2
"SELTCAWRS_t198_v5",6.2
"SELTCAWRS_t198_v6",6.2
"SELTCAWRS_t198_v7",6.4
"SELTCAWRS_t198_v8",6
"SELTCAWRS_t2_v1",2.2
"SELTCAWRS_t2_v2",1.4
"SELTCAWRS_t2_v3",1.8
"SELTCAWRS_t2_v4",1.4
"SELTCAWRS_t2_v5",2.2
"SELTCAWRS_t2_v6",2.4
"SELTCAWRS_t2_v7",1.4
"SELTCAWRS_t2_v8",2
"SELTCAWRS_t20_v1",5.2
"SELTCAWRS_t20_v2",5.8
"SELTCAWRS_t20_v3",4.2
"SELTCAWRS_t20_v4",5.6
"SELTCAWRS_t20_v5",5
"SELTCAWRS_t20_v6",4.8
"SELTCAWRS_t20_v7",6
"SELTCAWRS_t20_v8",5.8
"SELTCAWRS_t200_v1",5
"SELTCAWRS_t200_v2",5.2
"SELTCAWRS_t200_v3",5.6
"SELTCAWRS_t200_v4",5.8
"SELTCAWRS_t200_v5",5.4
"SELTCAWRS_t200_v6",4.8
"SELTCAWRS_t200_v7",6.2
"SELTCAWRS_t200_v8",5
"SELTCAWRS_t201_v1",5.4
"SELTCAWRS_t201_v2",4.2
"SELTCAWRS_t201_v3",4.8
"SELTCAWRS_t201_v4",5.2
"SELTCAWRS_t201_v5",5.2
"SELTCAWRS_t201_v6",4.2
"SELTCAWRS_t201_v7",5.2
"SELTCAWRS_t201_v8",4.4
"SELTCAWRS_t202_v1",5.6
"SELTCAWRS_t202_v2",5.2
"SELTCAWRS_t202_v3",6
"SELTCAWRS_t202_v4",6
"SELTCAWRS_t202_v5",6
"SELTCAWRS_t202_v6",6
"SELTCAWRS_t202_v7",5.6
"SELTCAWRS_t202_v8",5.8
"SELTCAWRS_t203_v1",3.6
"SELTCAWRS_t203_v2",4
"SELTCAWRS_t203_v3",5.4
"SELTCAWRS_t203_v4",4.8
"SELTCAWRS_t203_v5",4.2
"SELTCAWRS_t203_v6",5
"SELTCAWRS_t203_v7",5.6
"SELTCAWRS_t203_v8",5.4
"SELTCAWRS_t204_v1",5.75
"SELTCAWRS_t204_v2",6
"SELTCAWRS_t204_v3",6.2
"SELTCAWRS_t204_v4",6.2
"SELTCAWRS_t204_v5",6.2
"SELTCAWRS_t204_v6",6.2
"SELTCAWRS_t204_v7",6.4
"SELTCAWRS_t204_v8",6.4
"SELTCAWRS_t206_v1",4.8
"SELTCAWRS_t206_v2",5.2
"SELTCAWRS_t206_v3",5.2
"SELTCAWRS_t206_v4",4.4
"SELTCAWRS_t206_v5",4.2
"SELTCAWRS_t206_v6",4.8
"SELTCAWRS_t206_v7",5.4
"SELTCAWRS_t206_v8",4.4
"SELTCAWRS_t207_v3",5.4
"SELTCAWRS_t207_v7",5.8
"SELTCAWRS_t207_v8",6
"SELTCAWRS_t208_v1",5.4
"SELTCAWRS_t208_v2",6.2
"SELTCAWRS_t208_v3",6
"SELTCAWRS_t208_v4",5.8
"SELTCAWRS_t208_v5",5.8
"SELTCAWRS_t208_v6",5.75
"SELTCAWRS_t208_v7",5.2
"SELTCAWRS_t208_v8",6
"SELTCAWRS_t210_v1",5.8
"SELTCAWRS_t210_v2",5.6
"SELTCAWRS_t210_v3",6
"SELTCAWRS_t210_v4",5.8
"SELTCAWRS_t210_v5",6
"SELTCAWRS_t210_v6",6
"SELTCAWRS_t210_v7",6
"SELTCAWRS_t210_v8",5.8
"SELTCAWRS_t211_v1",2.2
"SELTCAWRS_t211_v2",3.8
"SELTCAWRS_t211_v3",4.6
"SELTCAWRS_t211_v4",5.4
"SELTCAWRS_t211_v5",4.6
"SELTCAWRS_t211_v6",4.4
"SELTCAWRS_t211_v7",5
"SELTCAWRS_t211_v8",5
"SELTCAWRS_t212_v1",4
"SELTCAWRS_t212_v3",4.6
"SELTCAWRS_t213_v1",5.8
"SELTCAWRS_t213_v2",5.4
"SELTCAWRS_t213_v3",5.4
"SELTCAWRS_t213_v4",4.6
"SELTCAWRS_t213_v5",4.8
"SELTCAWRS_t213_v6",4.6
"SELTCAWRS_t213_v7",4.6
"SELTCAWRS_t213_v8",5.6
"SELTCAWRS_t214_v1",5.5
"SELTCAWRS_t214_v2",5.2
"SELTCAWRS_t214_v3",5.8
"SELTCAWRS_t214_v4",6
"SELTCAWRS_t214_v5",4
"SELTCAWRS_t214_v6",4.8
"SELTCAWRS_t214_v7",4.8
"SELTCAWRS_t214_v8",5.4
"SELTCAWRS_t215_v1",5
"SELTCAWRS_t215_v2",5.4
"SELTCAWRS_t215_v3",5.4
"SELTCAWRS_t215_v4",5.2
"SELTCAWRS_t215_v5",5.6
"SELTCAWRS_t215_v6",5.6
"SELTCAWRS_t215_v7",5.8
"SELTCAWRS_t215_v8",5.8
"SELTCAWRS_t216_v1",5.8
"SELTCAWRS_t216_v2",5.2
"SELTCAWRS_t216_v3",5.6
"SELTCAWRS_t216_v4",5.6
"SELTCAWRS_t216_v5",4.8
"SELTCAWRS_t216_v6",6
"SELTCAWRS_t216_v7",5.6
"SELTCAWRS_t216_v8",6
"SELTCAWRS_t217_v1",4.8
"SELTCAWRS_t217_v2",4.6
"SELTCAWRS_t217_v3",5.8
"SELTCAWRS_t217_v4",5.6
"SELTCAWRS_t217_v5",5.6
"SELTCAWRS_t217_v6",5
"SELTCAWRS_t217_v7",6
"SELTCAWRS_t217_v8",5.4
"SELTCAWRS_t218_v1",4.6
"SELTCAWRS_t218_v2",5.6
"SELTCAWRS_t218_v3",5.4
"SELTCAWRS_t218_v4",6
"SELTCAWRS_t218_v5",5.8
"SELTCAWRS_t218_v6",5.6
"SELTCAWRS_t218_v7",6
"SELTCAWRS_t218_v8",5.8
"SELTCAWRS_t219_v1",5.8
"SELTCAWRS_t219_v2",5.6
"SELTCAWRS_t219_v3",5.6
"SELTCAWRS_t219_v4",5.8
"SELTCAWRS_t219_v5",5
"SELTCAWRS_t219_v6",5.4
"SELTCAWRS_t219_v7",5.4
"SELTCAWRS_t219_v8",4.8
"SELTCAWRS_t22_v1",5
"SELTCAWRS_t22_v2",5.4
"SELTCAWRS_t22_v3",5.4
"SELTCAWRS_t22_v4",5.4
"SELTCAWRS_t22_v5",4.8
"SELTCAWRS_t22_v6",5
"SELTCAWRS_t22_v7",5.4
"SELTCAWRS_t22_v8",5.8
"SELTCAWRS_t220_v1",3.8
"SELTCAWRS_t220_v2",3.8
"SELTCAWRS_t220_v3",4.4
"SELTCAWRS_t220_v4",3.2
"SELTCAWRS_t220_v5",3
"SELTCAWRS_t220_v6",4
"SELTCAWRS_t220_v7",3
"SELTCAWRS_t220_v8",3.5
"SELTCAWRS_t221_v1",4.8
"SELTCAWRS_t221_v2",5.4
"SELTCAWRS_t221_v3",3.8
"SELTCAWRS_t221_v4",5.2
"SELTCAWRS_t221_v5",4.8
"SELTCAWRS_t221_v6",4.8
"SELTCAWRS_t221_v7",5.4
"SELTCAWRS_t221_v8",5.4
"SELTCAWRS_t222_v2",5.8
"SELTCAWRS_t222_v3",6.2
"SELTCAWRS_t222_v4",6
"SELTCAWRS_t222_v5",5.6
"SELTCAWRS_t222_v6",6
"SELTCAWRS_t222_v7",6.2
"SELTCAWRS_t222_v8",6.2
"SELTCAWRS_t223_v1",4.2
"SELTCAWRS_t223_v2",4.8
"SELTCAWRS_t223_v4",5.2
"SELTCAWRS_t223_v5",4.4
"SELTCAWRS_t223_v6",5.8
"SELTCAWRS_t223_v7",5.2
"SELTCAWRS_t223_v8",5.8
"SELTCAWRS_t224_v2",5
"SELTCAWRS_t224_v3",5.4
"SELTCAWRS_t224_v4",5.6
"SELTCAWRS_t224_v5",5.6
"SELTCAWRS_t224_v6",5.6
"SELTCAWRS_t224_v8",5.2
"SELTCAWRS_t225_v1",5.8
"SELTCAWRS_t225_v2",5.8
"SELTCAWRS_t225_v3",6
"SELTCAWRS_t225_v4",6.2
"SELTCAWRS_t225_v5",6.6
"SELTCAWRS_t225_v6",6
"SELTCAWRS_t225_v7",6.2
"SELTCAWRS_t225_v8",6.6
"SELTCAWRS_t226_v1",6.4
"SELTCAWRS_t226_v2",5.6
"SELTCAWRS_t226_v3",6.4
"SELTCAWRS_t226_v4",6.4
"SELTCAWRS_t226_v5",6
"SELTCAWRS_t226_v6",6.2
"SELTCAWRS_t226_v7",6.6
"SELTCAWRS_t226_v8",5.8
"SELTCAWRS_t227_v1",5.4
"SELTCAWRS_t227_v2",4.4
"SELTCAWRS_t227_v3",4.6
"SELTCAWRS_t227_v4",4.4
"SELTCAWRS_t227_v5",4.4
"SELTCAWRS_t227_v6",4.2
"SELTCAWRS_t227_v7",5.4
"SELTCAWRS_t227_v8",4.4
"SELTCAWRS_t23_v1",5
"SELTCAWRS_t23_v2",5.2
"SELTCAWRS_t23_v3",5
"SELTCAWRS_t23_v4",4.4
"SELTCAWRS_t23_v5",3.2
"SELTCAWRS_t23_v6",5.2
"SELTCAWRS_t23_v7",5.6
"SELTCAWRS_t23_v8",5.6
"SELTCAWRS_t232_v1",2.6
"SELTCAWRS_t232_v2",2
"SELTCAWRS_t232_v3",2
"SELTCAWRS_t232_v4",2
"SELTCAWRS_t232_v5",2
"SELTCAWRS_t232_v6",1.6
"SELTCAWRS_t232_v7",2.2
"SELTCAWRS_t232_v8",2.4
"SELTCAWRS_t233_v1",4.6
"SELTCAWRS_t233_v2",5.4
"SELTCAWRS_t233_v3",5
"SELTCAWRS_t233_v4",5.6
"SELTCAWRS_t233_v5",5.4
"SELTCAWRS_t233_v6",4.2
"SELTCAWRS_t233_v7",5.4
"SELTCAWRS_t233_v8",5.4
"SELTCAWRS_t234_v4",5.8
"SELTCAWRS_t234_v7",5
"SELTCAWRS_t234_v8",5
"SELTCAWRS_t235_v1",5.4
"SELTCAWRS_t235_v2",5.75
"SELTCAWRS_t235_v3",5.4
"SELTCAWRS_t235_v4",5.6
"SELTCAWRS_t235_v5",5.6
"SELTCAWRS_t235_v6",5.6
"SELTCAWRS_t235_v7",6.2
"SELTCAWRS_t235_v8",6
"SELTCAWRS_t236_v1",5.2
"SELTCAWRS_t236_v2",6
"SELTCAWRS_t236_v3",6
"SELTCAWRS_t236_v4",6
"SELTCAWRS_t236_v5",6.2
"SELTCAWRS_t236_v7",6.2
"SELTCAWRS_t236_v8",6.2
"SELTCAWRS_t238_v1",4.2
"SELTCAWRS_t238_v2",4.8
"SELTCAWRS_t238_v3",4.4
"SELTCAWRS_t238_v4",4.6
"SELTCAWRS_t238_v5",4.75
"SELTCAWRS_t238_v6",4.6
"SELTCAWRS_t238_v7",4.4
"SELTCAWRS_t238_v8",4.6
"SELTCAWRS_t24_v1",4
"SELTCAWRS_t24_v3",4.6
"SELTCAWRS_t24_v5",5.2
"SELTCAWRS_t24_v7",5.8
"SELTCAWRS_t240_v1",3.4
"SELTCAWRS_t240_v2",4.4
"SELTCAWRS_t240_v3",4.8
"SELTCAWRS_t240_v4",5
"SELTCAWRS_t240_v5",5
"SELTCAWRS_t240_v6",5.2
"SELTCAWRS_t240_v7",5.4
"SELTCAWRS_t240_v8",5
"SELTCAWRS_t241_v1",5.2
"SELTCAWRS_t241_v2",5.2
"SELTCAWRS_t241_v3",5.2
"SELTCAWRS_t241_v4",5.2
"SELTCAWRS_t241_v5",4.6
"SELTCAWRS_t241_v6",5.6
"SELTCAWRS_t241_v7",5.6
"SELTCAWRS_t241_v8",5.4
"SELTCAWRS_t242_v1",6.4
"SELTCAWRS_t242_v2",6.2
"SELTCAWRS_t242_v3",6.6
"SELTCAWRS_t242_v4",6.6
"SELTCAWRS_t242_v5",6.6
"SELTCAWRS_t242_v6",6.6
"SELTCAWRS_t242_v7",7
"SELTCAWRS_t242_v8",6.8
"SELTCAWRS_t243_v2",4.8
"SELTCAWRS_t243_v3",4.4
"SELTCAWRS_t243_v4",4.6
"SELTCAWRS_t243_v5",5.4
"SELTCAWRS_t243_v6",5.4
"SELTCAWRS_t243_v7",5.6
"SELTCAWRS_t243_v8",5.4
"SELTCAWRS_t244_v1",2.6
"SELTCAWRS_t244_v2",4.2
"SELTCAWRS_t244_v3",4.4
"SELTCAWRS_t244_v4",4.75
"SELTCAWRS_t244_v5",4.4
"SELTCAWRS_t244_v6",3.8
"SELTCAWRS_t244_v7",3.8
"SELTCAWRS_t244_v8",4.6
"SELTCAWRS_t245_v1",5.75
"SELTCAWRS_t245_v2",5.6
"SELTCAWRS_t245_v3",5.8
"SELTCAWRS_t245_v4",6.2
"SELTCAWRS_t245_v5",6.2
"SELTCAWRS_t245_v7",6.6
"SELTCAWRS_t245_v8",6.8
"SELTCAWRS_t246_v1",4.4
"SELTCAWRS_t246_v2",5.6
"SELTCAWRS_t246_v3",5.2
"SELTCAWRS_t246_v4",5
"SELTCAWRS_t246_v5",5.8
"SELTCAWRS_t246_v6",5.4
"SELTCAWRS_t246_v7",6
"SELTCAWRS_t246_v8",6
"SELTCAWRS_t248_v2",5.8
"SELTCAWRS_t248_v3",6
"SELTCAWRS_t248_v4",6.6
"SELTCAWRS_t248_v5",6
"SELTCAWRS_t248_v6",5.4
"SELTCAWRS_t248_v7",6
"SELTCAWRS_t248_v8",5.8
"SELTCAWRS_t249_v4",5.8
"SELTCAWRS_t249_v5",5.4
"SELTCAWRS_t249_v6",4
"SELTCAWRS_t25_v1",5.8
"SELTCAWRS_t25_v2",5
"SELTCAWRS_t25_v3",6.2
"SELTCAWRS_t25_v4",6
"SELTCAWRS_t25_v5",6
"SELTCAWRS_t25_v6",6
"SELTCAWRS_t25_v7",6.4
"SELTCAWRS_t25_v8",6.6
"SELTCAWRS_t250_v1",5.2
"SELTCAWRS_t250_v2",5.5
"SELTCAWRS_t250_v3",4.8
"SELTCAWRS_t250_v4",5.2
"SELTCAWRS_t250_v5",5.2
"SELTCAWRS_t250_v6",4.4
"SELTCAWRS_t250_v7",5.8
"SELTCAWRS_t250_v8",5.2
"SELTCAWRS_t251_v1",5.8
"SELTCAWRS_t251_v2",6
"SELTCAWRS_t251_v3",6.2
"SELTCAWRS_t251_v4",6.2
"SELTCAWRS_t251_v5",6.6
"SELTCAWRS_t251_v6",6.4
"SELTCAWRS_t251_v7",6.6
"SELTCAWRS_t251_v8",6.4
"SELTCAWRS_t252_v1",5.2
"SELTCAWRS_t252_v2",5.8
"SELTCAWRS_t252_v3",5.8
"SELTCAWRS_t252_v4",5.8
"SELTCAWRS_t252_v5",6
"SELTCAWRS_t252_v6",6.2
"SELTCAWRS_t252_v7",6.2
"SELTCAWRS_t252_v8",6
"SELTCAWRS_t253_v1",5.2
"SELTCAWRS_t253_v2",5.6
"SELTCAWRS_t253_v3",5.8
"SELTCAWRS_t253_v4",5.8
"SELTCAWRS_t253_v5",5.6
"SELTCAWRS_t253_v6",5.8
"SELTCAWRS_t253_v7",6
"SELTCAWRS_t253_v8",6.2
"SELTCAWRS_t254_v1",5
"SELTCAWRS_t254_v2",3.4
"SELTCAWRS_t254_v3",3.6
"SELTCAWRS_t254_v4",4.8
"SELTCAWRS_t254_v5",5.2
"SELTCAWRS_t254_v6",5.4
"SELTCAWRS_t254_v7",4.8
"SELTCAWRS_t254_v8",4.8
"SELTCAWRS_t257_v1",5.8
"SELTCAWRS_t257_v2",6.2
"SELTCAWRS_t257_v3",6.2
"SELTCAWRS_t257_v4",6
"SELTCAWRS_t257_v5",6.2
"SELTCAWRS_t257_v6",6.4
"SELTCAWRS_t257_v7",6.6
"SELTCAWRS_t257_v8",6.4
"SELTCAWRS_t259_v1",5.8
"SELTCAWRS_t259_v2",6
"SELTCAWRS_t259_v3",5.8
"SELTCAWRS_t259_v4",6
"SELTCAWRS_t259_v5",6.2
"SELTCAWRS_t259_v6",6.4
"SELTCAWRS_t259_v7",6.2
"SELTCAWRS_t259_v8",6.8
"SELTCAWRS_t260_v1",5
"SELTCAWRS_t260_v2",4.4
"SELTCAWRS_t260_v3",5
"SELTCAWRS_t260_v4",4.2
"SELTCAWRS_t260_v5",4.8
"SELTCAWRS_t260_v6",4.6
"SELTCAWRS_t260_v7",5
"SELTCAWRS_t260_v8",3.2
"SELTCAWRS_t27_v1",3.4
"SELTCAWRS_t27_v2",4.2
"SELTCAWRS_t27_v3",6.25
"SELTCAWRS_t27_v5",2.6
"SELTCAWRS_t27_v6",5.4
"SELTCAWRS_t27_v7",5
"SELTCAWRS_t27_v8",4
"SELTCAWRS_t28_v1",3.8
"SELTCAWRS_t28_v2",5.2
"SELTCAWRS_t28_v3",5.4
"SELTCAWRS_t28_v4",5.75
"SELTCAWRS_t28_v5",5.8
"SELTCAWRS_t28_v6",5.8
"SELTCAWRS_t28_v7",6.2
"SELTCAWRS_t28_v8",6.4
"SELTCAWRS_t29_v1",5.4
"SELTCAWRS_t29_v2",6.2
"SELTCAWRS_t29_v3",6
"SELTCAWRS_t29_v4",6
"SELTCAWRS_t29_v5",6.2
"SELTCAWRS_t29_v6",6.2
"SELTCAWRS_t29_v7",6.4
"SELTCAWRS_t29_v8",6.8
"SELTCAWRS_t3_v1",4.75
"SELTCAWRS_t3_v2",4
"SELTCAWRS_t3_v3",4.25
"SELTCAWRS_t3_v4",5
"SELTCAWRS_t3_v5",4.5
"SELTCAWRS_t3_v6",4.25
"SELTCAWRS_t3_v7",5.25
"SELTCAWRS_t3_v8",5.5
"SELTCAWRS_t30_v1",4.8
"SELTCAWRS_t30_v2",5.6
"SELTCAWRS_t30_v3",5.6
"SELTCAWRS_t30_v4",5.6
"SELTCAWRS_t30_v5",5.2
"SELTCAWRS_t30_v6",5.6
"SELTCAWRS_t30_v7",6
"SELTCAWRS_t30_v8",6.2
"SELTCAWRS_t31_v1",5
"SELTCAWRS_t31_v2",5.4
"SELTCAWRS_t31_v3",4.8
"SELTCAWRS_t31_v4",5.8
"SELTCAWRS_t31_v5",4.8
"SELTCAWRS_t31_v6",5.2
"SELTCAWRS_t31_v7",5.4
"SELTCAWRS_t31_v8",5.5
"SELTCAWRS_t32_v1",3.6
"SELTCAWRS_t32_v2",5.2
"SELTCAWRS_t32_v3",5.6
"SELTCAWRS_t32_v4",5
"SELTCAWRS_t32_v5",4.4
"SELTCAWRS_t32_v6",3.8
"SELTCAWRS_t32_v7",5
"SELTCAWRS_t32_v8",4.4
"SELTCAWRS_t33_v2",5.6
"SELTCAWRS_t33_v3",5.4
"SELTCAWRS_t33_v4",6.2
"SELTCAWRS_t33_v5",5.6
"SELTCAWRS_t33_v6",6
"SELTCAWRS_t33_v7",5.4
"SELTCAWRS_t33_v8",5.2
"SELTCAWRS_t34_v1",4.6
"SELTCAWRS_t34_v2",5.2
"SELTCAWRS_t34_v3",5.2
"SELTCAWRS_t34_v4",5.6
"SELTCAWRS_t34_v5",5.8
"SELTCAWRS_t34_v6",5
"SELTCAWRS_t34_v7",6
"SELTCAWRS_t34_v8",5.4
"SELTCAWRS_t35_v1",5.6
"SELTCAWRS_t35_v2",5.6
"SELTCAWRS_t35_v3",5.6
"SELTCAWRS_t35_v4",4.6
"SELTCAWRS_t35_v5",5.4
"SELTCAWRS_t35_v6",5.8
"SELTCAWRS_t35_v7",6.2
"SELTCAWRS_t35_v8",6.2
"SELTCAWRS_t36_v1",5
"SELTCAWRS_t36_v2",6.2
"SELTCAWRS_t36_v3",6.2
"SELTCAWRS_t36_v4",5.8
"SELTCAWRS_t36_v5",5.8
"SELTCAWRS_t36_v6",6.2
"SELTCAWRS_t36_v7",6.4
"SELTCAWRS_t36_v8",6.6
"SELTCAWRS_t37_v1",5.8
"SELTCAWRS_t37_v4",6.5
"SELTCAWRS_t37_v5",6.5
"SELTCAWRS_t37_v6",6.75
"SELTCAWRS_t37_v7",6.75
"SELTCAWRS_t37_v8",6.5
"SELTCAWRS_t39_v1",5.2
"SELTCAWRS_t39_v2",5.8
"SELTCAWRS_t39_v3",5.8
"SELTCAWRS_t39_v4",6.2
"SELTCAWRS_t39_v5",6.6
"SELTCAWRS_t39_v6",6
"SELTCAWRS_t39_v7",6.6
"SELTCAWRS_t39_v8",6.2
"SELTCAWRS_t4_v1",2.8
"SELTCAWRS_t4_v2",3
"SELTCAWRS_t4_v3",3.75
"SELTCAWRS_t4_v4",5.2
"SELTCAWRS_t4_v5",3
"SELTCAWRS_t4_v6",4.2
"SELTCAWRS_t4_v7",3.8
"SELTCAWRS_t4_v8",2.8
"SELTCAWRS_t40_v2",5.8
"SELTCAWRS_t40_v5",5.6
"SELTCAWRS_t40_v7",5.8
"SELTCAWRS_t41_v1",4.2
"SELTCAWRS_t41_v2",5.4
"SELTCAWRS_t41_v3",5.2
"SELTCAWRS_t41_v4",5.8
"SELTCAWRS_t41_v5",5
"SELTCAWRS_t41_v6",4
"SELTCAWRS_t41_v7",3.4
"SELTCAWRS_t41_v8",4
"SELTCAWRS_t42_v1",5.6
"SELTCAWRS_t42_v2",6
"SELTCAWRS_t42_v3",5.8
"SELTCAWRS_t42_v4",6.8
"SELTCAWRS_t42_v5",5.2
"SELTCAWRS_t42_v6",5.8
"SELTCAWRS_t42_v7",6.2
"SELTCAWRS_t42_v8",6.4
"SELTCAWRS_t43_v1",4.2
"SELTCAWRS_t43_v2",2.6
"SELTCAWRS_t43_v3",3.2
"SELTCAWRS_t43_v4",3.2
"SELTCAWRS_t43_v5",2.8
"SELTCAWRS_t43_v6",4.4
"SELTCAWRS_t43_v7",4
"SELTCAWRS_t43_v8",3.2
"SELTCAWRS_t44_v1",5.4
"SELTCAWRS_t44_v2",5.8
"SELTCAWRS_t44_v3",6.4
"SELTCAWRS_t44_v4",6.4
"SELTCAWRS_t44_v5",4.8
"SELTCAWRS_t44_v6",6.4
"SELTCAWRS_t44_v7",6.6
"SELTCAWRS_t44_v8",6.4
"SELTCAWRS_t46_v1",5.6
"SELTCAWRS_t46_v3",5
"SELTCAWRS_t46_v4",5.2
"SELTCAWRS_t46_v5",5.6
"SELTCAWRS_t46_v6",5.8
"SELTCAWRS_t46_v7",5.8
"SELTCAWRS_t46_v8",6
"SELTCAWRS_t47_v1",4.8
"SELTCAWRS_t47_v2",5.8
"SELTCAWRS_t47_v3",6.2
"SELTCAWRS_t47_v4",6.2
"SELTCAWRS_t47_v5",6
"SELTCAWRS_t47_v6",5.8
"SELTCAWRS_t47_v7",6
"SELTCAWRS_t47_v8",6.6
"SELTCAWRS_t53_v1",4.8
"SELTCAWRS_t53_v2",4.4
"SELTCAWRS_t53_v3",4.8
"SELTCAWRS_t53_v4",5.4
"SELTCAWRS_t53_v5",5.4
"SELTCAWRS_t53_v6",5.75
"SELTCAWRS_t53_v7",5.4
"SELTCAWRS_t53_v8",5.6
"SELTCAWRS_t54_v5",3
"SELTCAWRS_t54_v8",3
"SELTCAWRS_t55_v1",4.6
"SELTCAWRS_t55_v2",5.6
"SELTCAWRS_t55_v3",5.4
"SELTCAWRS_t55_v4",5.4
"SELTCAWRS_t55_v5",5.2
"SELTCAWRS_t55_v6",5.6
"SELTCAWRS_t55_v7",5.4
"SELTCAWRS_t55_v8",5.4
"SELTCAWRS_t56_v1",5
"SELTCAWRS_t56_v2",6
"SELTCAWRS_t56_v3",5.6
"SELTCAWRS_t56_v4",6.2
"SELTCAWRS_t56_v5",6.2
"SELTCAWRS_t56_v6",6.2
"SELTCAWRS_t56_v7",6.4
"SELTCAWRS_t56_v8",6.4
"SELTCAWRS_t59_v1",5
"SELTCAWRS_t59_v2",6.2
"SELTCAWRS_t59_v3",6.6
"SELTCAWRS_t59_v4",6.6
"SELTCAWRS_t59_v5",5.8
"SELTCAWRS_t59_v6",6
"SELTCAWRS_t59_v7",6.4
"SELTCAWRS_t59_v8",6.2
"SELTCAWRS_t6_v7",4.6
"SELTCAWRS_t60_v1",2
"SELTCAWRS_t60_v2",1.6
"SELTCAWRS_t60_v3",1.6
"SELTCAWRS_t60_v4",2.2
"SELTCAWRS_t60_v5",2.8
"SELTCAWRS_t60_v6",2.2
"SELTCAWRS_t60_v7",2.6
"SELTCAWRS_t60_v8",2.2
"SELTCAWRS_t62_v1",3.6
"SELTCAWRS_t62_v2",5.4
"SELTCAWRS_t62_v3",4.8
"SELTCAWRS_t62_v4",5
"SELTCAWRS_t62_v5",5.4
"SELTCAWRS_t62_v6",4.4
"SELTCAWRS_t62_v7",5.4
"SELTCAWRS_t62_v8",5.2
"SELTCAWRS_t63_v1",3.8
"SELTCAWRS_t63_v2",5.4
"SELTCAWRS_t63_v3",4.8
"SELTCAWRS_t63_v4",4.4
"SELTCAWRS_t63_v5",3
"SELTCAWRS_t63_v6",4.4
"SELTCAWRS_t63_v7",5.4
"SELTCAWRS_t63_v8",5.2
"SELTCAWRS_t64_v1",4.8
"SELTCAWRS_t64_v2",4.4
"SELTCAWRS_t64_v3",5
"SELTCAWRS_t64_v4",4.6
"SELTCAWRS_t64_v5",4.6
"SELTCAWRS_t64_v6",5.4
"SELTCAWRS_t64_v7",4.6
"SELTCAWRS_t64_v8",4.6
"SELTCAWRS_t65_v1",5
"SELTCAWRS_t65_v2",5.4
"SELTCAWRS_t65_v3",5.4
"SELTCAWRS_t65_v4",6
"SELTCAWRS_t65_v5",5.8
"SELTCAWRS_t65_v6",5.8
"SELTCAWRS_t65_v7",6
"SELTCAWRS_t65_v8",6.2
"SELTCAWRS_t66_v1",4.6
"SELTCAWRS_t66_v2",5.8
"SELTCAWRS_t66_v3",6.4
"SELTCAWRS_t66_v4",5.8
"SELTCAWRS_t66_v5",6
"SELTCAWRS_t66_v6",5.8
"SELTCAWRS_t66_v7",6.6
"SELTCAWRS_t66_v8",6.6
"SELTCAWRS_t67_v2",5.8
"SELTCAWRS_t67_v3",6.2
"SELTCAWRS_t67_v4",6.4
"SELTCAWRS_t67_v5",6
"SELTCAWRS_t67_v6",6
"SELTCAWRS_t67_v7",5.75
"SELTCAWRS_t67_v8",6.4
"SELTCAWRS_t68_v3",5.6
"SELTCAWRS_t68_v5",5.6
"SELTCAWRS_t68_v6",5.4
"SELTCAWRS_t68_v7",5.4
"SELTCAWRS_t68_v8",6
"SELTCAWRS_t69_v2",5.75
"SELTCAWRS_t69_v3",6
"SELTCAWRS_t69_v4",5.8
"SELTCAWRS_t69_v5",5
"SELTCAWRS_t69_v6",6
"SELTCAWRS_t69_v7",6
"SELTCAWRS_t69_v8",5.8
"SELTCAWRS_t7_v1",4.4
"SELTCAWRS_t7_v2",4.2
"SELTCAWRS_t7_v3",4.2
"SELTCAWRS_t7_v4",4.6
"SELTCAWRS_t7_v5",5.4
"SELTCAWRS_t7_v6",3.2
"SELTCAWRS_t7_v7",3.8
"SELTCAWRS_t7_v8",5
"SELTCAWRS_t70_v2",5.4
"SELTCAWRS_t70_v3",5.6
"SELTCAWRS_t70_v6",5.6
"SELTCAWRS_t73_v1",4
"SELTCAWRS_t73_v2",4.6
"SELTCAWRS_t73_v3",5
"SELTCAWRS_t73_v4",5
"SELTCAWRS_t73_v5",4.2
"SELTCAWRS_t73_v6",3.4
"SELTCAWRS_t73_v7",3.8
"SELTCAWRS_t73_v8",5.4
"SELTCAWRS_t75_v1",5.8
"SELTCAWRS_t75_v2",5.8
"SELTCAWRS_t75_v3",5.6
"SELTCAWRS_t75_v4",5.6
"SELTCAWRS_t75_v5",4.8
"SELTCAWRS_t75_v6",5.8
"SELTCAWRS_t75_v7",5.6
"SELTCAWRS_t75_v8",6
"SELTCAWRS_t76_v1",3.6
"SELTCAWRS_t76_v2",4.2
"SELTCAWRS_t76_v3",4
"SELTCAWRS_t76_v4",4.6
"SELTCAWRS_t76_v5",4.6
"SELTCAWRS_t76_v6",4.4
"SELTCAWRS_t76_v7",5.2
"SELTCAWRS_t76_v8",5.6
"SELTCAWRS_t77_v1",4
"SELTCAWRS_t77_v2",4
"SELTCAWRS_t77_v3",4
"SELTCAWRS_t77_v4",4
"SELTCAWRS_t77_v5",4
"SELTCAWRS_t77_v6",4
"SELTCAWRS_t77_v7",4
"SELTCAWRS_t77_v8",5
"SELTCAWRS_t78_v1",3.75
"SELTCAWRS_t78_v2",5.2
"SELTCAWRS_t78_v3",5
"SELTCAWRS_t78_v4",5.8
"SELTCAWRS_t78_v5",5.4
"SELTCAWRS_t78_v6",5.6
"SELTCAWRS_t78_v7",6
"SELTCAWRS_t78_v8",5.8
"SELTCAWRS_t79_v1",5.4
"SELTCAWRS_t79_v2",5.4
"SELTCAWRS_t79_v3",5
"SELTCAWRS_t79_v4",5.6
"SELTCAWRS_t79_v5",4.6
"SELTCAWRS_t79_v6",5
"SELTCAWRS_t79_v7",6
"SELTCAWRS_t79_v8",6
"SELTCAWRS_t8_v1",6.4
"SELTCAWRS_t8_v2",6.2
"SELTCAWRS_t8_v3",6.8
"SELTCAWRS_t8_v4",6.8
"SELTCAWRS_t8_v5",6.8
"SELTCAWRS_t8_v6",6.8
"SELTCAWRS_t8_v7",6.8
"SELTCAWRS_t8_v8",7
"SELTCAWRS_t80_v1",4.8
"SELTCAWRS_t80_v2",5.5
"SELTCAWRS_t80_v3",5
"SELTCAWRS_t80_v4",4
"SELTCAWRS_t80_v5",5.6
"SELTCAWRS_t80_v6",5.6
"SELTCAWRS_t80_v7",5.8
"SELTCAWRS_t80_v8",6.4
"SELTCAWRS_t81_v1",4
"SELTCAWRS_t81_v2",5.4
"SELTCAWRS_t81_v3",4.8
"SELTCAWRS_t81_v4",4.2
"SELTCAWRS_t81_v5",4.8
"SELTCAWRS_t81_v6",5.4
"SELTCAWRS_t81_v7",6.2
"SELTCAWRS_t81_v8",6.4
"SELTCAWRS_t82_v1",3.6
"SELTCAWRS_t82_v2",3
"SELTCAWRS_t82_v3",4.6
"SELTCAWRS_t82_v6",4
"SELTCAWRS_t82_v7",3
"SELTCAWRS_t82_v8",4.2
"SELTCAWRS_t83_v1",4.8
"SELTCAWRS_t83_v2",5.6
"SELTCAWRS_t83_v4",5.8
"SELTCAWRS_t83_v5",5.6
"SELTCAWRS_t83_v6",4.2
"SELTCAWRS_t83_v7",5.2
"SELTCAWRS_t83_v8",5.8
"SELTCAWRS_t84_v1",4.5
"SELTCAWRS_t84_v2",4.8
"SELTCAWRS_t84_v3",4.2
"SELTCAWRS_t84_v4",3.6
"SELTCAWRS_t84_v5",4.2
"SELTCAWRS_t84_v6",4.2
"SELTCAWRS_t84_v7",5
"SELTCAWRS_t84_v8",4.2
"SELTCAWRS_t85_v4",5.2
"SELTCAWRS_t86_v1",6
"SELTCAWRS_t86_v2",6.2
"SELTCAWRS_t86_v3",6.2
"SELTCAWRS_t86_v4",6.2
"SELTCAWRS_t86_v5",6
"SELTCAWRS_t86_v6",6
"SELTCAWRS_t86_v7",6.4
"SELTCAWRS_t86_v8",6.4
"SELTCAWRS_t87_v1",5.6
"SELTCAWRS_t87_v2",6.2
"SELTCAWRS_t87_v3",6
"SELTCAWRS_t87_v4",6
"SELTCAWRS_t87_v5",4.75
"SELTCAWRS_t87_v6",6
"SELTCAWRS_t87_v7",6
"SELTCAWRS_t87_v8",6.6
"SELTCAWRS_t90_v1",5.2
"SELTCAWRS_t90_v2",5.6
"SELTCAWRS_t90_v3",5.6
"SELTCAWRS_t90_v4",6.2
"SELTCAWRS_t90_v5",5.4
"SELTCAWRS_t90_v6",5.8
"SELTCAWRS_t90_v7",6.8
"SELTCAWRS_t90_v8",6.2
"SELTCAWRS_t91_v1",5.4
"SELTCAWRS_t91_v2",5.4
"SELTCAWRS_t91_v3",5.8
"SELTCAWRS_t91_v4",4.8
"SELTCAWRS_t91_v5",5
"SELTCAWRS_t91_v6",5
"SELTCAWRS_t91_v7",5.8
"SELTCAWRS_t91_v8",6
"SELTCAWRS_t93_v1",5
"SELTCAWRS_t93_v2",5.6
"SELTCAWRS_t93_v3",5
"SELTCAWRS_t93_v4",4.4
"SELTCAWRS_t93_v5",4.4
"SELTCAWRS_t93_v6",5
"SELTCAWRS_t93_v7",4.8
"SELTCAWRS_t93_v8",5
"SELTCAWRS_t94_v1",4.6
"SELTCAWRS_t94_v2",5.5
"SELTCAWRS_t94_v3",5.6
"SELTCAWRS_t94_v4",5.6
"SELTCAWRS_t94_v5",5.8
"SELTCAWRS_t94_v6",5.6
"SELTCAWRS_t94_v7",5
"SELTCAWRS_t94_v8",6
"SELTCAWRS_t95_v1",6.2
"SELTCAWRS_t95_v2",6.2
"SELTCAWRS_t95_v3",6.2
"SELTCAWRS_t95_v4",6
"SELTCAWRS_t95_v5",5.4
"SELTCAWRS_t95_v6",5.8
"SELTCAWRS_t95_v7",5.8
"SELTCAWRS_t95_v8",6
"SELTCAWRS_t97_v1",4.4
"SELTCAWRS_t97_v3",5
"SELTCAWRS_t97_v6",3.6
"SELTCAWRS_t97_v7",4.2
"SELTCAWRS_t97_v8",4.8
"SELTCAWRS_t98_v1",4.2
"SELTCAWRS_t98_v2",4
"SELTCAWRS_t98_v3",3.4
"SELTCAWRS_t98_v4",3.75
"SELTCAWRS_t98_v5",3
"SELTCAWRS_t98_v6",3.4
"SELTCAWRS_t98_v7",3.8
"SELTCAWRS_t98_v8",3.4
"SELTCAWRS_t99_v1",4.2
"SELTCAWRS_t99_v3",5.4
"SELTCAWRS_t99_v4",5.4
"SELTCAWRS_t99_v5",5.4
"SELTCAWRS_t99_v6",5.6
"SELTCAWRS_t99_v7",5.4
"SELTCAWRS_t99_v8",5.6
